// Jest Snapshot v1, https://goo.gl/fbAQLP

exports[`take snapshot 1`] = `
<div
  className="homepage"
>
  <h1>
    Welcome to  Homepage
  </h1>
  <Directory />
</div>
`;
