// Jest Snapshot v1, https://goo.gl/fbAQLP

exports[`take snapshot 1`] = `
<ContextConsumer>
  <Component />
</ContextConsumer>
`;
